inactive_user_cleanup/.git/*
inactive_user_cleanup/.github/*
inactive_user_cleanup/composer.lock
inactive_user_cleanup/composer.json
inactive_user_cleanup/log.txt
inactive_user_cleanup/phpcs.xml
inactive_user_cleanup/.gitignore
inactive_user_cleanup/package.json
inactive_user_cleanup/package-lock.json
inactive_user_cleanup/vendor/bin/*
inactive_user_cleanup/vendor/squizlabs/*
inactive_user_cleanup/vendor/phpcompatibility/*
inactive_user_cleanup/vendor/dealerdirect/*
inactive_user_cleanup/vendor/moodlehq/*
inactive_user_cleanup/vendor/composer/*
inactive_user_cleanup/vendor/autoload.php
inactive_user_cleanup/node_modules/*
inactive_user_cleanup/phpunit.xml
inactive_user_cleanup/tests/*
inactive_user_cleanup/release/*
inactive_user_cleanup/exclude.lst
inactive_user_cleanup/Gruntfile.js
inactive_user_cleanup/VERIFICATION.md
inactive_user_cleanup/scripts/*